node : D:\NOVA_FINAL\
backend\src\server.js
:105
At line:1 char:1
+ node src/server.js 
> debug_server.log 
2>&1
+ ~~~~~~~~~~~~~~~~~~~
~~~~~~~~~~~~~~~~~~~~~
~~
    + CategoryInfo   
           : NotSpe  
  cified: (D:\NOVA   
 _FINAL\backend\s    
rc\server.js:105    
:String) [], Rem    
oteException
    + FullyQualified 
   ErrorId : Native  
  CommandError
 
<<<<<<< HEAD
^^

SyntaxError: 
Unexpected token '<<'
    at wrapSafe (node
:internal/modules/cjs
/loader:1486:18)
    at 
Module._compile (node
:internal/modules/cjs
/loader:1528:20)
    at Object..js (no
de:internal/modules/c
js/loader:1706:10)
    at Module.load (n
ode:internal/modules/
cjs/loader:1289:32)
    at 
Function._load (node:
internal/modules/cjs/
loader:1108:12)
    at TracingChannel
.traceSync (node:diag
nostics_channel:322:1
4)
    at 
wrapModuleLoad (node:
internal/modules/cjs/
loader:220:24)
    at Function.execu
teUserEntryPoint [as 
runMain] (node:intern
al/modules/run_main:1
70:5)
    at node:internal/
main/run_main_module:
36:49

Node.js v22.14.0
